Analysis & Synthesis report for MC68K
Wed Feb 05 14:23:03 2025
Quartus Prime Version 18.1.0 Build 625 09/12/2018 SJ Lite Edition


---------------------
; Table of Contents ;
---------------------
  1. Legal Notice
  2. Analysis & Synthesis Summary
  3. Analysis & Synthesis Settings
  4. Parallel Compilation
  5. Analysis & Synthesis Messages



----------------
; Legal Notice ;
----------------
Copyright (C) 2018  Intel Corporation. All rights reserved.
Your use of Intel Corporation's design tools, logic functions 
and other software and tools, and its AMPP partner logic 
functions, and any output files from any of the foregoing 
(including device programming or simulation files), and any 
associated documentation or information are expressly subject 
to the terms and conditions of the Intel Program License 
Subscription Agreement, the Intel Quartus Prime License Agreement,
the Intel FPGA IP License Agreement, or other applicable license
agreement, including, without limitation, that your use is for
the sole purpose of programming logic devices manufactured by
Intel and sold by Intel or its authorized distributors.  Please
refer to the applicable agreement for further details.



+---------------------------------------------------------------------------+
; Analysis & Synthesis Summary                                              ;
+-----------------------------+---------------------------------------------+
; Analysis & Synthesis Status ; Failed - Wed Feb 05 14:23:03 2025           ;
; Quartus Prime Version       ; 18.1.0 Build 625 09/12/2018 SJ Lite Edition ;
; Revision Name               ; MC68K                                       ;
; Top-level Entity Name       ; MC68K                                       ;
; Family                      ; Cyclone V                                   ;
; Logic utilization (in ALMs) ; N/A until Partition Merge                   ;
; Total registers             ; N/A until Partition Merge                   ;
; Total pins                  ; N/A until Partition Merge                   ;
; Total virtual pins          ; N/A until Partition Merge                   ;
; Total block memory bits     ; N/A until Partition Merge                   ;
; Total PLLs                  ; N/A until Partition Merge                   ;
; Total DLLs                  ; N/A until Partition Merge                   ;
+-----------------------------+---------------------------------------------+


+---------------------------------------------------------------------------------------------------------------------------+
; Analysis & Synthesis Settings                                                                                             ;
+---------------------------------------------------------------------------------+--------------------+--------------------+
; Option                                                                          ; Setting            ; Default Value      ;
+---------------------------------------------------------------------------------+--------------------+--------------------+
; Device                                                                          ; 5CSEMA5F31C6       ;                    ;
; Top-level entity name                                                           ; MC68K              ; MC68K              ;
; Family name                                                                     ; Cyclone V          ; Cyclone IV GX      ;
; Restructure Multiplexers                                                        ; Off                ; Auto               ;
; Ignore LCELL Buffers                                                            ; On                 ; Off                ;
; Perform WYSIWYG Primitive Resynthesis                                           ; On                 ; Off                ;
; Use smart compilation                                                           ; Off                ; Off                ;
; Enable parallel Assembler and Timing Analyzer during compilation                ; On                 ; On                 ;
; Enable compact report table                                                     ; Off                ; Off                ;
; MLAB Add Timing Constraints For Mixed-Port Feed-Through Mode Setting Don't Care ; Off                ; Off                ;
; Create Debugging Nodes for IP Cores                                             ; Off                ; Off                ;
; Preserve fewer node names                                                       ; On                 ; On                 ;
; Intel FPGA IP Evaluation Mode                                                   ; Enable             ; Enable             ;
; Verilog Version                                                                 ; Verilog_2001       ; Verilog_2001       ;
; VHDL Version                                                                    ; VHDL_1993          ; VHDL_1993          ;
; State Machine Processing                                                        ; Auto               ; Auto               ;
; Safe State Machine                                                              ; Off                ; Off                ;
; Extract Verilog State Machines                                                  ; On                 ; On                 ;
; Extract VHDL State Machines                                                     ; On                 ; On                 ;
; Ignore Verilog initial constructs                                               ; Off                ; Off                ;
; Iteration limit for constant Verilog loops                                      ; 5000               ; 5000               ;
; Iteration limit for non-constant Verilog loops                                  ; 250                ; 250                ;
; Add Pass-Through Logic to Inferred RAMs                                         ; On                 ; On                 ;
; Infer RAMs from Raw Logic                                                       ; On                 ; On                 ;
; Parallel Synthesis                                                              ; Off                ; Off                ;
; DSP Block Balancing                                                             ; Auto               ; Auto               ;
; NOT Gate Push-Back                                                              ; On                 ; On                 ;
; Power-Up Don't Care                                                             ; On                 ; On                 ;
; Remove Redundant Logic Cells                                                    ; Off                ; Off                ;
; Remove Duplicate Registers                                                      ; On                 ; On                 ;
; Ignore CARRY Buffers                                                            ; Off                ; Off                ;
; Ignore CASCADE Buffers                                                          ; Off                ; Off                ;
; Ignore GLOBAL Buffers                                                           ; Off                ; Off                ;
; Ignore ROW GLOBAL Buffers                                                       ; Off                ; Off                ;
; Ignore SOFT Buffers                                                             ; On                 ; On                 ;
; Limit AHDL Integers to 32 Bits                                                  ; Off                ; Off                ;
; Optimization Technique                                                          ; Balanced           ; Balanced           ;
; Carry Chain Length                                                              ; 70                 ; 70                 ;
; Auto Carry Chains                                                               ; On                 ; On                 ;
; Auto Open-Drain Pins                                                            ; On                 ; On                 ;
; Auto ROM Replacement                                                            ; On                 ; On                 ;
; Auto RAM Replacement                                                            ; On                 ; On                 ;
; Auto DSP Block Replacement                                                      ; On                 ; On                 ;
; Auto Shift Register Replacement                                                 ; Auto               ; Auto               ;
; Allow Shift Register Merging across Hierarchies                                 ; Auto               ; Auto               ;
; Auto Clock Enable Replacement                                                   ; On                 ; On                 ;
; Strict RAM Replacement                                                          ; Off                ; Off                ;
; Allow Synchronous Control Signals                                               ; On                 ; On                 ;
; Force Use of Synchronous Clear Signals                                          ; Off                ; Off                ;
; Auto Resource Sharing                                                           ; Off                ; Off                ;
; Allow Any RAM Size For Recognition                                              ; Off                ; Off                ;
; Allow Any ROM Size For Recognition                                              ; Off                ; Off                ;
; Allow Any Shift Register Size For Recognition                                   ; Off                ; Off                ;
; Use LogicLock Constraints during Resource Balancing                             ; On                 ; On                 ;
; Ignore translate_off and synthesis_off directives                               ; Off                ; Off                ;
; Timing-Driven Synthesis                                                         ; On                 ; On                 ;
; Report Parameter Settings                                                       ; On                 ; On                 ;
; Report Source Assignments                                                       ; On                 ; On                 ;
; Report Connectivity Checks                                                      ; On                 ; On                 ;
; Ignore Maximum Fan-Out Assignments                                              ; Off                ; Off                ;
; Synchronization Register Chain Length                                           ; 3                  ; 3                  ;
; Power Optimization During Synthesis                                             ; Normal compilation ; Normal compilation ;
; HDL message level                                                               ; Level2             ; Level2             ;
; Suppress Register Optimization Related Messages                                 ; Off                ; Off                ;
; Number of Removed Registers Reported in Synthesis Report                        ; 5000               ; 5000               ;
; Number of Swept Nodes Reported in Synthesis Report                              ; 5000               ; 5000               ;
; Number of Inverted Registers Reported in Synthesis Report                       ; 100                ; 100                ;
; Clock MUX Protection                                                            ; On                 ; On                 ;
; Auto Gated Clock Conversion                                                     ; Off                ; Off                ;
; Block Design Naming                                                             ; Auto               ; Auto               ;
; SDC constraint protection                                                       ; Off                ; Off                ;
; Synthesis Effort                                                                ; Auto               ; Auto               ;
; Shift Register Replacement - Allow Asynchronous Clear Signal                    ; On                 ; On                 ;
; Pre-Mapping Resynthesis Optimization                                            ; Off                ; Off                ;
; Analysis & Synthesis Message Level                                              ; Medium             ; Medium             ;
; Disable Register Merging Across Hierarchies                                     ; Auto               ; Auto               ;
; Resource Aware Inference For Block RAM                                          ; On                 ; On                 ;
; Automatic Parallel Synthesis                                                    ; Off                ; Off                ;
; Partial Reconfiguration Bitstream ID                                            ; Off                ; Off                ;
+---------------------------------------------------------------------------------+--------------------+--------------------+


+------------------------------------------+
; Parallel Compilation                     ;
+----------------------------+-------------+
; Processors                 ; Number      ;
+----------------------------+-------------+
; Number detected on machine ; 16          ;
; Maximum allowed            ; 16          ;
;                            ;             ;
; Average used               ; 1.00        ;
; Maximum used               ; 1           ;
;                            ;             ;
; Usage by Processor         ; % Time Used ;
;     Processor 1            ; 100.0%      ;
+----------------------------+-------------+


+-------------------------------+
; Analysis & Synthesis Messages ;
+-------------------------------+
Info: *******************************************************************
Info: Running Quartus Prime Analysis & Synthesis
    Info: Version 18.1.0 Build 625 09/12/2018 SJ Lite Edition
    Info: Processing started: Wed Feb 05 14:22:51 2025
Info: Command: quartus_map --read_settings_files=on --write_settings_files=off MC68K -c MC68K
Warning (18236): Number of processors has not been specified which may cause overloading on shared machines.  Set the global assignment NUM_PARALLEL_PROCESSORS in your QSF to an appropriate value for best performance.
Info (20030): Parallel compilation is enabled and will use 16 of the 16 processors detected
Info (12021): Found 2 design units, including 1 entities, in source file lpm_bustri0.vhd
    Info (12022): Found design unit 1: lpm_bustri0-SYN File: C:/M68kV6.0 - 800by480/lpm_bustri0.vhd Line: 52
    Info (12023): Found entity 1: lpm_bustri0 File: C:/M68kV6.0 - 800by480/lpm_bustri0.vhd Line: 42
Info (12021): Found 1 design units, including 1 entities, in source file mc68k.bdf
    Info (12023): Found entity 1: MC68K
Info (12021): Found 2 design units, including 1 entities, in source file latch8bit.vhd
    Info (12022): Found design unit 1: Latch8Bit-bhvr File: C:/M68kV6.0 - 800by480/Latch8Bit.vhd Line: 18
    Info (12023): Found entity 1: Latch8Bit File: C:/M68kV6.0 - 800by480/Latch8Bit.vhd Line: 7
Info (12021): Found 1 design units, including 1 entities, in source file onchipio.bdf
    Info (12023): Found entity 1: OnChipIO
Info (12021): Found 2 design units, including 1 entities, in source file interruptpriorityencoder.vhd
    Info (12022): Found design unit 1: InterruptPriorityEncoder-bhvr File: C:/M68kV6.0 - 800by480/InterruptPriorityEncoder.vhd Line: 21
    Info (12023): Found entity 1: InterruptPriorityEncoder File: C:/M68kV6.0 - 800by480/InterruptPriorityEncoder.vhd Line: 6
Info (12021): Found 2 design units, including 1 entities, in source file iodecoder.vhd
    Info (12022): Found design unit 1: IODecoder-bhvr File: C:/M68kV6.0 - 800by480/IODecoder.vhd Line: 56
    Info (12023): Found entity 1: IODecoder File: C:/M68kV6.0 - 800by480/IODecoder.vhd Line: 6
Info (12021): Found 2 design units, including 1 entities, in source file lcd_controller.vhd
    Info (12022): Found design unit 1: LCD_Controller-bhvr File: C:/M68kV6.0 - 800by480/LCD_Controller.vhd Line: 24
    Info (12023): Found entity 1: LCD_Controller File: C:/M68kV6.0 - 800by480/LCD_Controller.vhd Line: 7
Info (12021): Found 2 design units, including 1 entities, in source file hexto7segmentdisplay.vhd
    Info (12022): Found design unit 1: HexTo7SegmentDisplay-bhvr File: C:/M68kV6.0 - 800by480/HexTo7SegmentDisplay.vhd Line: 17
    Info (12023): Found entity 1: HexTo7SegmentDisplay File: C:/M68kV6.0 - 800by480/HexTo7SegmentDisplay.vhd Line: 6
Info (12021): Found 2 design units, including 1 entities, in source file timer.vhd
    Info (12022): Found design unit 1: Timer-bhvr File: C:/M68kV6.0 - 800by480/Timer.vhd Line: 28
    Info (12023): Found entity 1: Timer File: C:/M68kV6.0 - 800by480/Timer.vhd Line: 9
Info (12021): Found 1 design units, including 1 entities, in source file dram.bdf
    Info (12023): Found entity 1: Dram
Info (12021): Found 2 design units, including 1 entities, in source file lpm_bustri2.vhd
    Info (12022): Found design unit 1: lpm_bustri2-SYN File: C:/M68kV6.0 - 800by480/lpm_bustri2.vhd Line: 52
    Info (12023): Found entity 1: lpm_bustri2 File: C:/M68kV6.0 - 800by480/lpm_bustri2.vhd Line: 42
Info (12021): Found 2 design units, including 1 entities, in source file tg68.vhd
    Info (12022): Found design unit 1: TG68-logic File: C:/M68kV6.0 - 800by480/TG68.vhd Line: 66
    Info (12023): Found entity 1: TG68 File: C:/M68kV6.0 - 800by480/TG68.vhd Line: 48
Info (12021): Found 2 design units, including 1 entities, in source file datamapper68k.vhd
    Info (12022): Found design unit 1: DataMapper68k-a File: C:/M68kV6.0 - 800by480/DataMapper68k.vhd Line: 15
    Info (12023): Found entity 1: DataMapper68k File: C:/M68kV6.0 - 800by480/DataMapper68k.vhd Line: 8
Info (12021): Found 2 design units, including 1 entities, in source file acia_6850.vhd
    Info (12022): Found design unit 1: ACIA_6850-rtl File: C:/M68kV6.0 - 800by480/ACIA_6850.vhd Line: 87
    Info (12023): Found entity 1: ACIA_6850 File: C:/M68kV6.0 - 800by480/ACIA_6850.vhd Line: 58
Info (12021): Found 2 design units, including 1 entities, in source file acia_rx.vhd
    Info (12022): Found design unit 1: ACIA_RX-rtl File: C:/M68kV6.0 - 800by480/ACIA_RX.vhd Line: 76
    Info (12023): Found entity 1: ACIA_RX File: C:/M68kV6.0 - 800by480/ACIA_RX.vhd Line: 55
Info (12021): Found 2 design units, including 1 entities, in source file acia_tx.vhd
    Info (12022): Found design unit 1: ACIA_TX-rtl File: C:/M68kV6.0 - 800by480/ACIA_TX.vhd Line: 65
    Info (12023): Found entity 1: ACIA_TX File: C:/M68kV6.0 - 800by480/ACIA_TX.vhd Line: 48
Info (12021): Found 2 design units, including 1 entities, in source file m68xxiodecoder.vhd
    Info (12022): Found design unit 1: M68xxIODecoder-bhvr File: C:/M68kV6.0 - 800by480/M68xxIODecoder.vhd Line: 19
    Info (12023): Found entity 1: M68xxIODecoder File: C:/M68kV6.0 - 800by480/M68xxIODecoder.vhd Line: 6
Info (12021): Found 2 design units, including 1 entities, in source file latch3bit.vhd
    Info (12022): Found design unit 1: Latch3Bit-bhvr File: C:/M68kV6.0 - 800by480/Latch3Bit.vhd Line: 18
    Info (12023): Found entity 1: Latch3Bit File: C:/M68kV6.0 - 800by480/Latch3Bit.vhd Line: 7
Info (12021): Found 1 design units, including 1 entities, in source file onchipm68xxio.bdf
    Info (12023): Found entity 1: OnChipM68xxIO
Info (12021): Found 1 design units, including 1 entities, in source file acia_baudrate_generator.bdf
    Info (12023): Found entity 1: ACIA_BaudRate_Generator
Info (12021): Found 4 design units, including 1 entities, in source file acia_clock.vhd
    Info (12022): Found design unit 1: bit_funcs File: C:/M68kV6.0 - 800by480/ACIA_Clock.vhd Line: 12
    Info (12022): Found design unit 2: bit_funcs-body File: C:/M68kV6.0 - 800by480/ACIA_Clock.vhd Line: 21
    Info (12022): Found design unit 3: ACIA_Clock-rtl File: C:/M68kV6.0 - 800by480/ACIA_Clock.vhd Line: 58
    Info (12023): Found entity 1: ACIA_Clock File: C:/M68kV6.0 - 800by480/ACIA_Clock.vhd Line: 47
Info (12021): Found 2 design units, including 1 entities, in source file tg68_fast.vhd
    Info (12022): Found design unit 1: TG68_fast-logic File: C:/M68kV6.0 - 800by480/TG68_fast.vhd Line: 87
    Info (12023): Found entity 1: TG68_fast File: C:/M68kV6.0 - 800by480/TG68_fast.vhd Line: 71
Info (12021): Found 2 design units, including 1 entities, in source file traceexceptiongenerator.vhd
    Info (12022): Found design unit 1: TraceExceptionGenerator-bhvr File: C:/M68kV6.0 - 800by480/TraceExceptionGenerator.vhd Line: 20
    Info (12023): Found entity 1: TraceExceptionGenerator File: C:/M68kV6.0 - 800by480/TraceExceptionGenerator.vhd Line: 6
Info (12021): Found 2 design units, including 1 entities, in source file traceexceptioncontrolbit.vhd
    Info (12022): Found design unit 1: TraceExceptionControlBit-bhvr File: C:/M68kV6.0 - 800by480/TraceExceptionControlBit.vhd Line: 18
    Info (12023): Found entity 1: TraceExceptionControlBit File: C:/M68kV6.0 - 800by480/TraceExceptionControlBit.vhd Line: 7
Info (12021): Found 1 design units, including 1 entities, in source file m68000cpu.bdf
    Info (12023): Found entity 1: M68000CPU
Info (12021): Found 2 design units, including 1 entities, in source file busrequestlogic.vhd
    Info (12022): Found design unit 1: BusRequestLogic-fsm File: C:/M68kV6.0 - 800by480/BusRequestLogic.vhd Line: 16
    Info (12023): Found entity 1: BusRequestLogic File: C:/M68kV6.0 - 800by480/BusRequestLogic.vhd Line: 4
Info (12021): Found 2 design units, including 1 entities, in source file singlebittristate.vhd
    Info (12022): Found design unit 1: singlebittristate-SYN File: C:/M68kV6.0 - 800by480/SingleBitTriState.vhd Line: 52
    Info (12023): Found entity 1: SingleBitTriState File: C:/M68kV6.0 - 800by480/SingleBitTriState.vhd Line: 42
Info (12021): Found 1 design units, including 1 entities, in source file dmacontroller.bdf
    Info (12023): Found entity 1: DMAController
Info (12021): Found 2 design units, including 1 entities, in source file cpu_dma_mux.vhd
    Info (12022): Found design unit 1: CPU_DMA_Mux-bhvr File: C:/M68kV6.0 - 800by480/CPU_DMA_Mux.vhd Line: 37
    Info (12023): Found entity 1: CPU_DMA_Mux File: C:/M68kV6.0 - 800by480/CPU_DMA_Mux.vhd Line: 6
Info (12021): Found 1 design units, including 1 entities, in source file onchiprom16kwords.bdf
    Info (12023): Found entity 1: OnChipROM16KWords
Info (12021): Found 1 design units, including 1 entities, in source file graphicsframebuffermemory.bdf
    Info (12023): Found entity 1: GraphicsFrameBufferMemory
Info (12021): Found 1 design units, including 1 entities, in source file iic_spi_interface.bdf
    Info (12023): Found entity 1: IIC_SPI_Interface
Info (12021): Found 2 design units, including 1 entities, in source file colourpallette_2portram.vhd
    Info (12022): Found design unit 1: colourpallette_2portram-SYN File: C:/M68kV6.0 - 800by480/ColourPallette_2PortRam.vhd Line: 57
    Info (12023): Found entity 1: ColourPallette_2PortRam File: C:/M68kV6.0 - 800by480/ColourPallette_2PortRam.vhd Line: 43
Info (12021): Found 1 design units, including 1 entities, in source file canbus.bdf
    Info (12023): Found entity 1: CanBus
Info (12021): Found 1 design units, including 1 entities, in source file onchipram256kbyte.bdf
    Info (12023): Found entity 1: OnChipRam256kbyte
Info (12021): Found 1 design units, including 1 entities, in source file video_controller800x480.bdf
    Info (12023): Found entity 1: Video_Controller800x480
Info (12021): Found 2 design units, including 1 entities, in source file clockgen.vhd
    Info (12022): Found design unit 1: ClockGen-rtl File: C:/M68kV6.0 - 800by480/ClockGen.vhd Line: 23
    Info (12023): Found entity 1: ClockGen File: C:/M68kV6.0 - 800by480/ClockGen.vhd Line: 11
Info (12021): Found 1 design units, including 1 entities, in source file clockgen/clockgen_0002.v
    Info (12023): Found entity 1: ClockGen_0002 File: C:/M68kV6.0 - 800by480/ClockGen/ClockGen_0002.v Line: 2
Warning (12019): Can't analyze file -- file OnChip32KWord.vhd is missing
Info (12021): Found 1 design units, including 1 entities, in source file m68kdramcontroller_verilog.v
    Info (12023): Found entity 1: M68kDramController_Verilog File: C:/M68kV6.0 - 800by480/M68kDramController_Verilog.v Line: 14
Info (12021): Found 1 design units, including 1 entities, in source file graphicslcd_controller_verilog.v
    Info (12023): Found entity 1: GraphicsLCD_Controller_Verilog File: C:/M68kV6.0 - 800by480/GraphicsLCD_Controller_verilog.v Line: 1
Info (12021): Found 1 design units, including 1 entities, in source file ramaddressmapper_verilog.v
    Info (12023): Found entity 1: RamAddressMapper_Verilog File: C:/M68kV6.0 - 800by480/RamAddressMapper_Verilog.v Line: 1
Info (12021): Found 1 design units, including 1 entities, in source file graphicscontroller_verilog.v
    Info (12023): Found entity 1: GraphicsController_Verilog File: C:/M68kV6.0 - 800by480/GraphicsController_Verilog.v Line: 1
Info (12021): Found 1 design units, including 1 entities, in source file vgadatamux_verilog.v
    Info (12023): Found entity 1: VGADataMux_Verilog File: C:/M68kV6.0 - 800by480/VGADataMux_Verilog.v Line: 1
Info (12021): Found 2 design units, including 1 entities, in source file ram32kbyte.vhd
    Info (12022): Found design unit 1: ram32kbyte-SYN File: C:/M68kV6.0 - 800by480/Ram32kByte.vhd Line: 55
    Info (12023): Found entity 1: Ram32kByte File: C:/M68kV6.0 - 800by480/Ram32kByte.vhd Line: 43
Info (12021): Found 1 design units, including 1 entities, in source file sramblock_32kword.bdf
    Info (12023): Found entity 1: SramBlock_32KWord
Info (12021): Found 1 design units, including 1 entities, in source file sramblockdecoder_verilog.v
    Info (12023): Found entity 1: SramBlockDecoder_Verilog File: C:/M68kV6.0 - 800by480/SramBlockDecoder_Verilog.v Line: 1
Info (12021): Found 1 design units, including 1 entities, in source file addressdecoder_verilog.v
    Info (12023): Found entity 1: AddressDecoder_Verilog File: C:/M68kV6.0 - 800by480/AddressDecoder_Verilog.v Line: 1
Info (12021): Found 1 design units, including 1 entities, in source file dtack_generator_verilog.v
    Info (12023): Found entity 1: Dtack_Generator_Verilog File: C:/M68kV6.0 - 800by480/Dtack_Generator_Verilog.v Line: 1
Info (12021): Found 1 design units, including 1 entities, in source file onchiprom16kword.v
    Info (12023): Found entity 1: OnChipRom16KWord File: C:/M68kV6.0 - 800by480/OnChipRom16KWord.v Line: 39
Info (12127): Elaborating entity "MC68K" for the top level hierarchy
Error (275021): Illegal wire or bus name "DRAM_STATE[4:0]" of type pin 
Error (12153): Can't elaborate top-level user hierarchy
Error: Quartus Prime Analysis & Synthesis was unsuccessful. 2 errors, 2 warnings
    Error: Peak virtual memory: 4858 megabytes
    Error: Processing ended: Wed Feb 05 14:23:03 2025
    Error: Elapsed time: 00:00:12
    Error: Total CPU time (on all processors): 00:00:11


