------------------------------------------------------------
Timing Analyzer Summary
------------------------------------------------------------

Type  : Slow 1100mV 85C Model Setup 'clk_dram'
Slack : -18.235
TNS   : -484.149

Type  : Slow 1100mV 85C Model Setup 'inst7|clockgen_inst|altera_pll_i|general[0].gpll~PLL_OUTPUT_COUNTER|divclk'
Slack : -14.407
TNS   : -3363.521

Type  : Slow 1100mV 85C Model Setup 'clk_vga'
Slack : -13.731
TNS   : -331.887

Type  : Slow 1100mV 85C Model Setup 'inst7|clockgen_inst|altera_pll_i|general[2].gpll~PLL_OUTPUT_COUNTER|divclk'
Slack : -6.849
TNS   : -1578.347

Type  : Slow 1100mV 85C Model Setup 'CLOCK_50'
Slack : -6.680
TNS   : -133.480

Type  : Slow 1100mV 85C Model Setup 'inst7|clockgen_inst|altera_pll_i|general[3].gpll~PLL_OUTPUT_COUNTER|divclk'
Slack : -5.480
TNS   : -155.798

Type  : Slow 1100mV 85C Model Setup 'altera_reserved_tck'
Slack : 22.370
TNS   : 0.000

Type  : Slow 1100mV 85C Model Setup 'inst7|clockgen_inst|altera_pll_i|general[1].gpll~PLL_OUTPUT_COUNTER|divclk'
Slack : 25.706
TNS   : 0.000

Type  : Slow 1100mV 85C Model Hold 'inst7|clockgen_inst|altera_pll_i|general[2].gpll~PLL_OUTPUT_COUNTER|divclk'
Slack : -0.466
TNS   : -3.242

Type  : Slow 1100mV 85C Model Hold 'inst7|clockgen_inst|altera_pll_i|general[3].gpll~PLL_OUTPUT_COUNTER|divclk'
Slack : 0.200
TNS   : 0.000

Type  : Slow 1100mV 85C Model Hold 'inst7|clockgen_inst|altera_pll_i|general[0].gpll~PLL_OUTPUT_COUNTER|divclk'
Slack : 0.217
TNS   : 0.000

Type  : Slow 1100mV 85C Model Hold 'CLOCK_50'
Slack : 0.259
TNS   : 0.000

Type  : Slow 1100mV 85C Model Hold 'inst7|clockgen_inst|altera_pll_i|general[1].gpll~PLL_OUTPUT_COUNTER|divclk'
Slack : 0.383
TNS   : 0.000

Type  : Slow 1100mV 85C Model Hold 'altera_reserved_tck'
Slack : 0.587
TNS   : 0.000

Type  : Slow 1100mV 85C Model Hold 'clk_vga'
Slack : 7.539
TNS   : 0.000

Type  : Slow 1100mV 85C Model Hold 'clk_dram'
Slack : 8.744
TNS   : 0.000

Type  : Slow 1100mV 85C Model Recovery 'inst7|clockgen_inst|altera_pll_i|general[0].gpll~PLL_OUTPUT_COUNTER|divclk'
Slack : 0.062
TNS   : 0.000

Type  : Slow 1100mV 85C Model Recovery 'altera_reserved_tck'
Slack : 58.534
TNS   : 0.000

Type  : Slow 1100mV 85C Model Removal 'inst7|clockgen_inst|altera_pll_i|general[0].gpll~PLL_OUTPUT_COUNTER|divclk'
Slack : 0.385
TNS   : 0.000

Type  : Slow 1100mV 85C Model Removal 'altera_reserved_tck'
Slack : 0.942
TNS   : 0.000

Type  : Slow 1100mV 85C Model Minimum Pulse Width 'inst7|clockgen_inst|altera_pll_i|general[0].gpll~FRACTIONAL_PLL|vcoph[0]'
Slack : -0.074
TNS   : -0.592

Type  : Slow 1100mV 85C Model Minimum Pulse Width 'inst7|clockgen_inst|altera_pll_i|general[2].gpll~PLL_OUTPUT_COUNTER|divclk'
Slack : 3.028
TNS   : 0.000

Type  : Slow 1100mV 85C Model Minimum Pulse Width 'inst7|clockgen_inst|altera_pll_i|general[3].gpll~PLL_OUTPUT_COUNTER|divclk'
Slack : 3.480
TNS   : 0.000

Type  : Slow 1100mV 85C Model Minimum Pulse Width 'inst7|clockgen_inst|altera_pll_i|general[0].gpll~PLL_OUTPUT_COUNTER|divclk'
Slack : 8.029
TNS   : 0.000

Type  : Slow 1100mV 85C Model Minimum Pulse Width 'CLOCK_50'
Slack : 8.221
TNS   : 0.000

Type  : Slow 1100mV 85C Model Minimum Pulse Width 'inst7|clockgen_inst|altera_pll_i|general[1].gpll~PLL_OUTPUT_COUNTER|divclk'
Slack : 14.517
TNS   : 0.000

Type  : Slow 1100mV 85C Model Minimum Pulse Width 'altera_reserved_tck'
Slack : 29.075
TNS   : 0.000

Type  : Slow 1100mV 0C Model Setup 'clk_dram'
Slack : -17.745
TNS   : -474.988

Type  : Slow 1100mV 0C Model Setup 'inst7|clockgen_inst|altera_pll_i|general[0].gpll~PLL_OUTPUT_COUNTER|divclk'
Slack : -14.119
TNS   : -3286.494

Type  : Slow 1100mV 0C Model Setup 'clk_vga'
Slack : -13.365
TNS   : -323.337

Type  : Slow 1100mV 0C Model Setup 'CLOCK_50'
Slack : -6.672
TNS   : -133.320

Type  : Slow 1100mV 0C Model Setup 'inst7|clockgen_inst|altera_pll_i|general[2].gpll~PLL_OUTPUT_COUNTER|divclk'
Slack : -6.255
TNS   : -1432.304

Type  : Slow 1100mV 0C Model Setup 'inst7|clockgen_inst|altera_pll_i|general[3].gpll~PLL_OUTPUT_COUNTER|divclk'
Slack : -5.156
TNS   : -137.057

Type  : Slow 1100mV 0C Model Setup 'altera_reserved_tck'
Slack : 22.552
TNS   : 0.000

Type  : Slow 1100mV 0C Model Setup 'inst7|clockgen_inst|altera_pll_i|general[1].gpll~PLL_OUTPUT_COUNTER|divclk'
Slack : 25.980
TNS   : 0.000

Type  : Slow 1100mV 0C Model Hold 'inst7|clockgen_inst|altera_pll_i|general[2].gpll~PLL_OUTPUT_COUNTER|divclk'
Slack : -0.355
TNS   : -2.468

Type  : Slow 1100mV 0C Model Hold 'inst7|clockgen_inst|altera_pll_i|general[3].gpll~PLL_OUTPUT_COUNTER|divclk'
Slack : 0.142
TNS   : 0.000

Type  : Slow 1100mV 0C Model Hold 'inst7|clockgen_inst|altera_pll_i|general[0].gpll~PLL_OUTPUT_COUNTER|divclk'
Slack : 0.256
TNS   : 0.000

Type  : Slow 1100mV 0C Model Hold 'CLOCK_50'
Slack : 0.266
TNS   : 0.000

Type  : Slow 1100mV 0C Model Hold 'inst7|clockgen_inst|altera_pll_i|general[1].gpll~PLL_OUTPUT_COUNTER|divclk'
Slack : 0.411
TNS   : 0.000

Type  : Slow 1100mV 0C Model Hold 'altera_reserved_tck'
Slack : 0.556
TNS   : 0.000

Type  : Slow 1100mV 0C Model Hold 'clk_vga'
Slack : 7.386
TNS   : 0.000

Type  : Slow 1100mV 0C Model Hold 'clk_dram'
Slack : 8.605
TNS   : 0.000

Type  : Slow 1100mV 0C Model Recovery 'inst7|clockgen_inst|altera_pll_i|general[0].gpll~PLL_OUTPUT_COUNTER|divclk'
Slack : 0.217
TNS   : 0.000

Type  : Slow 1100mV 0C Model Recovery 'altera_reserved_tck'
Slack : 58.618
TNS   : 0.000

Type  : Slow 1100mV 0C Model Removal 'inst7|clockgen_inst|altera_pll_i|general[0].gpll~PLL_OUTPUT_COUNTER|divclk'
Slack : 0.501
TNS   : 0.000

Type  : Slow 1100mV 0C Model Removal 'altera_reserved_tck'
Slack : 0.882
TNS   : 0.000

Type  : Slow 1100mV 0C Model Minimum Pulse Width 'inst7|clockgen_inst|altera_pll_i|general[0].gpll~FRACTIONAL_PLL|vcoph[0]'
Slack : -0.001
TNS   : -0.004

Type  : Slow 1100mV 0C Model Minimum Pulse Width 'inst7|clockgen_inst|altera_pll_i|general[2].gpll~PLL_OUTPUT_COUNTER|divclk'
Slack : 3.085
TNS   : 0.000

Type  : Slow 1100mV 0C Model Minimum Pulse Width 'inst7|clockgen_inst|altera_pll_i|general[3].gpll~PLL_OUTPUT_COUNTER|divclk'
Slack : 3.536
TNS   : 0.000

Type  : Slow 1100mV 0C Model Minimum Pulse Width 'inst7|clockgen_inst|altera_pll_i|general[0].gpll~PLL_OUTPUT_COUNTER|divclk'
Slack : 8.080
TNS   : 0.000

Type  : Slow 1100mV 0C Model Minimum Pulse Width 'CLOCK_50'
Slack : 8.268
TNS   : 0.000

Type  : Slow 1100mV 0C Model Minimum Pulse Width 'inst7|clockgen_inst|altera_pll_i|general[1].gpll~PLL_OUTPUT_COUNTER|divclk'
Slack : 14.585
TNS   : 0.000

Type  : Slow 1100mV 0C Model Minimum Pulse Width 'altera_reserved_tck'
Slack : 29.076
TNS   : 0.000

Type  : Fast 1100mV 85C Model Setup 'clk_dram'
Slack : -11.427
TNS   : -311.072

Type  : Fast 1100mV 85C Model Setup 'inst7|clockgen_inst|altera_pll_i|general[0].gpll~PLL_OUTPUT_COUNTER|divclk'
Slack : -8.907
TNS   : -2065.186

Type  : Fast 1100mV 85C Model Setup 'clk_vga'
Slack : -8.285
TNS   : -199.577

Type  : Fast 1100mV 85C Model Setup 'inst7|clockgen_inst|altera_pll_i|general[2].gpll~PLL_OUTPUT_COUNTER|divclk'
Slack : -5.799
TNS   : -1343.740

Type  : Fast 1100mV 85C Model Setup 'CLOCK_50'
Slack : -2.649
TNS   : -52.868

Type  : Fast 1100mV 85C Model Setup 'inst7|clockgen_inst|altera_pll_i|general[3].gpll~PLL_OUTPUT_COUNTER|divclk'
Slack : -0.374
TNS   : -0.374

Type  : Fast 1100mV 85C Model Setup 'altera_reserved_tck'
Slack : 24.519
TNS   : 0.000

Type  : Fast 1100mV 85C Model Setup 'inst7|clockgen_inst|altera_pll_i|general[1].gpll~PLL_OUTPUT_COUNTER|divclk'
Slack : 28.495
TNS   : 0.000

Type  : Fast 1100mV 85C Model Hold 'inst7|clockgen_inst|altera_pll_i|general[2].gpll~PLL_OUTPUT_COUNTER|divclk'
Slack : -0.194
TNS   : -1.344

Type  : Fast 1100mV 85C Model Hold 'CLOCK_50'
Slack : 0.120
TNS   : 0.000

Type  : Fast 1100mV 85C Model Hold 'inst7|clockgen_inst|altera_pll_i|general[3].gpll~PLL_OUTPUT_COUNTER|divclk'
Slack : 0.193
TNS   : 0.000

Type  : Fast 1100mV 85C Model Hold 'inst7|clockgen_inst|altera_pll_i|general[0].gpll~PLL_OUTPUT_COUNTER|divclk'
Slack : 0.206
TNS   : 0.000

Type  : Fast 1100mV 85C Model Hold 'altera_reserved_tck'
Slack : 0.299
TNS   : 0.000

Type  : Fast 1100mV 85C Model Hold 'inst7|clockgen_inst|altera_pll_i|general[1].gpll~PLL_OUTPUT_COUNTER|divclk'
Slack : 0.299
TNS   : 0.000

Type  : Fast 1100mV 85C Model Hold 'clk_vga'
Slack : 4.429
TNS   : 0.000

Type  : Fast 1100mV 85C Model Hold 'clk_dram'
Slack : 4.883
TNS   : 0.000

Type  : Fast 1100mV 85C Model Recovery 'inst7|clockgen_inst|altera_pll_i|general[0].gpll~PLL_OUTPUT_COUNTER|divclk'
Slack : 1.377
TNS   : 0.000

Type  : Fast 1100mV 85C Model Recovery 'altera_reserved_tck'
Slack : 59.608
TNS   : 0.000

Type  : Fast 1100mV 85C Model Removal 'inst7|clockgen_inst|altera_pll_i|general[0].gpll~PLL_OUTPUT_COUNTER|divclk'
Slack : 0.430
TNS   : 0.000

Type  : Fast 1100mV 85C Model Removal 'altera_reserved_tck'
Slack : 0.470
TNS   : 0.000

Type  : Fast 1100mV 85C Model Minimum Pulse Width 'inst7|clockgen_inst|altera_pll_i|general[0].gpll~FRACTIONAL_PLL|vcoph[0]'
Slack : 0.265
TNS   : 0.000

Type  : Fast 1100mV 85C Model Minimum Pulse Width 'inst7|clockgen_inst|altera_pll_i|general[2].gpll~PLL_OUTPUT_COUNTER|divclk'
Slack : 3.764
TNS   : 0.000

Type  : Fast 1100mV 85C Model Minimum Pulse Width 'inst7|clockgen_inst|altera_pll_i|general[3].gpll~PLL_OUTPUT_COUNTER|divclk'
Slack : 4.442
TNS   : 0.000

Type  : Fast 1100mV 85C Model Minimum Pulse Width 'CLOCK_50'
Slack : 8.128
TNS   : 0.000

Type  : Fast 1100mV 85C Model Minimum Pulse Width 'inst7|clockgen_inst|altera_pll_i|general[0].gpll~PLL_OUTPUT_COUNTER|divclk'
Slack : 9.032
TNS   : 0.000

Type  : Fast 1100mV 85C Model Minimum Pulse Width 'inst7|clockgen_inst|altera_pll_i|general[1].gpll~PLL_OUTPUT_COUNTER|divclk'
Slack : 15.561
TNS   : 0.000

Type  : Fast 1100mV 85C Model Minimum Pulse Width 'altera_reserved_tck'
Slack : 28.993
TNS   : 0.000

Type  : Fast 1100mV 0C Model Setup 'clk_dram'
Slack : -10.814
TNS   : -297.528

Type  : Fast 1100mV 0C Model Setup 'inst7|clockgen_inst|altera_pll_i|general[0].gpll~PLL_OUTPUT_COUNTER|divclk'
Slack : -8.097
TNS   : -1880.535

Type  : Fast 1100mV 0C Model Setup 'clk_vga'
Slack : -7.787
TNS   : -187.940

Type  : Fast 1100mV 0C Model Setup 'inst7|clockgen_inst|altera_pll_i|general[2].gpll~PLL_OUTPUT_COUNTER|divclk'
Slack : -4.959
TNS   : -1145.186

Type  : Fast 1100mV 0C Model Setup 'CLOCK_50'
Slack : -2.462
TNS   : -49.216

Type  : Fast 1100mV 0C Model Setup 'inst7|clockgen_inst|altera_pll_i|general[3].gpll~PLL_OUTPUT_COUNTER|divclk'
Slack : 0.221
TNS   : 0.000

Type  : Fast 1100mV 0C Model Setup 'altera_reserved_tck'
Slack : 24.766
TNS   : 0.000

Type  : Fast 1100mV 0C Model Setup 'inst7|clockgen_inst|altera_pll_i|general[1].gpll~PLL_OUTPUT_COUNTER|divclk'
Slack : 29.015
TNS   : 0.000

Type  : Fast 1100mV 0C Model Hold 'inst7|clockgen_inst|altera_pll_i|general[2].gpll~PLL_OUTPUT_COUNTER|divclk'
Slack : -0.171
TNS   : -1.188

Type  : Fast 1100mV 0C Model Hold 'CLOCK_50'
Slack : 0.102
TNS   : 0.000

Type  : Fast 1100mV 0C Model Hold 'inst7|clockgen_inst|altera_pll_i|general[3].gpll~PLL_OUTPUT_COUNTER|divclk'
Slack : 0.107
TNS   : 0.000

Type  : Fast 1100mV 0C Model Hold 'inst7|clockgen_inst|altera_pll_i|general[0].gpll~PLL_OUTPUT_COUNTER|divclk'
Slack : 0.172
TNS   : 0.000

Type  : Fast 1100mV 0C Model Hold 'altera_reserved_tck'
Slack : 0.255
TNS   : 0.000

Type  : Fast 1100mV 0C Model Hold 'inst7|clockgen_inst|altera_pll_i|general[1].gpll~PLL_OUTPUT_COUNTER|divclk'
Slack : 0.264
TNS   : 0.000

Type  : Fast 1100mV 0C Model Hold 'clk_vga'
Slack : 4.164
TNS   : 0.000

Type  : Fast 1100mV 0C Model Hold 'clk_dram'
Slack : 4.570
TNS   : 0.000

Type  : Fast 1100mV 0C Model Recovery 'inst7|clockgen_inst|altera_pll_i|general[0].gpll~PLL_OUTPUT_COUNTER|divclk'
Slack : 1.657
TNS   : 0.000

Type  : Fast 1100mV 0C Model Recovery 'altera_reserved_tck'
Slack : 59.871
TNS   : 0.000

Type  : Fast 1100mV 0C Model Removal 'inst7|clockgen_inst|altera_pll_i|general[0].gpll~PLL_OUTPUT_COUNTER|divclk'
Slack : 0.364
TNS   : 0.000

Type  : Fast 1100mV 0C Model Removal 'altera_reserved_tck'
Slack : 0.414
TNS   : 0.000

Type  : Fast 1100mV 0C Model Minimum Pulse Width 'inst7|clockgen_inst|altera_pll_i|general[0].gpll~FRACTIONAL_PLL|vcoph[0]'
Slack : 0.292
TNS   : 0.000

Type  : Fast 1100mV 0C Model Minimum Pulse Width 'inst7|clockgen_inst|altera_pll_i|general[2].gpll~PLL_OUTPUT_COUNTER|divclk'
Slack : 3.791
TNS   : 0.000

Type  : Fast 1100mV 0C Model Minimum Pulse Width 'inst7|clockgen_inst|altera_pll_i|general[3].gpll~PLL_OUTPUT_COUNTER|divclk'
Slack : 4.460
TNS   : 0.000

Type  : Fast 1100mV 0C Model Minimum Pulse Width 'CLOCK_50'
Slack : 8.084
TNS   : 0.000

Type  : Fast 1100mV 0C Model Minimum Pulse Width 'inst7|clockgen_inst|altera_pll_i|general[0].gpll~PLL_OUTPUT_COUNTER|divclk'
Slack : 9.065
TNS   : 0.000

Type  : Fast 1100mV 0C Model Minimum Pulse Width 'inst7|clockgen_inst|altera_pll_i|general[1].gpll~PLL_OUTPUT_COUNTER|divclk'
Slack : 15.585
TNS   : 0.000

Type  : Fast 1100mV 0C Model Minimum Pulse Width 'altera_reserved_tck'
Slack : 29.000
TNS   : 0.000

------------------------------------------------------------
