------------------------------------------------------------
Timing Analyzer Summary
------------------------------------------------------------

Type  : Slow 1100mV 85C Model Setup 'clk_vga'
Slack : -14.801
TNS   : -356.032

Type  : Slow 1100mV 85C Model Setup 'clk_dram'
Slack : -8.193
TNS   : -115.762

Type  : Slow 1100mV 85C Model Setup 'inst7|clockgen_inst|altera_pll_i|general[3].gpll~PLL_OUTPUT_COUNTER|divclk'
Slack : -0.476
TNS   : -2.788

Type  : Slow 1100mV 85C Model Setup 'inst7|clockgen_inst|altera_pll_i|general[2].gpll~PLL_OUTPUT_COUNTER|divclk'
Slack : 1.412
TNS   : 0.000

Type  : Slow 1100mV 85C Model Setup 'inst7|clockgen_inst|altera_pll_i|general[0].gpll~PLL_OUTPUT_COUNTER|divclk'
Slack : 3.292
TNS   : 0.000

Type  : Slow 1100mV 85C Model Setup 'altera_reserved_tck'
Slack : 22.370
TNS   : 0.000

Type  : Slow 1100mV 85C Model Setup 'inst7|clockgen_inst|altera_pll_i|general[1].gpll~PLL_OUTPUT_COUNTER|divclk'
Slack : 27.283
TNS   : 0.000

Type  : Slow 1100mV 85C Model Hold 'inst7|clockgen_inst|altera_pll_i|general[0].gpll~PLL_OUTPUT_COUNTER|divclk'
Slack : -0.856
TNS   : -0.856

Type  : Slow 1100mV 85C Model Hold 'inst7|clockgen_inst|altera_pll_i|general[3].gpll~PLL_OUTPUT_COUNTER|divclk'
Slack : 0.143
TNS   : 0.000

Type  : Slow 1100mV 85C Model Hold 'inst7|clockgen_inst|altera_pll_i|general[2].gpll~PLL_OUTPUT_COUNTER|divclk'
Slack : 0.311
TNS   : 0.000

Type  : Slow 1100mV 85C Model Hold 'inst7|clockgen_inst|altera_pll_i|general[1].gpll~PLL_OUTPUT_COUNTER|divclk'
Slack : 0.403
TNS   : 0.000

Type  : Slow 1100mV 85C Model Hold 'altera_reserved_tck'
Slack : 0.522
TNS   : 0.000

Type  : Slow 1100mV 85C Model Hold 'clk_vga'
Slack : 8.600
TNS   : 0.000

Type  : Slow 1100mV 85C Model Hold 'clk_dram'
Slack : 8.808
TNS   : 0.000

Type  : Slow 1100mV 85C Model Recovery 'inst7|clockgen_inst|altera_pll_i|general[0].gpll~PLL_OUTPUT_COUNTER|divclk'
Slack : 5.212
TNS   : 0.000

Type  : Slow 1100mV 85C Model Recovery 'altera_reserved_tck'
Slack : 58.196
TNS   : 0.000

Type  : Slow 1100mV 85C Model Removal 'inst7|clockgen_inst|altera_pll_i|general[0].gpll~PLL_OUTPUT_COUNTER|divclk'
Slack : 0.471
TNS   : 0.000

Type  : Slow 1100mV 85C Model Removal 'altera_reserved_tck'
Slack : 0.718
TNS   : 0.000

Type  : Slow 1100mV 85C Model Minimum Pulse Width 'inst7|clockgen_inst|altera_pll_i|general[0].gpll~FRACTIONAL_PLL|vcoph[0]'
Slack : 0.974
TNS   : 0.000

Type  : Slow 1100mV 85C Model Minimum Pulse Width 'inst7|clockgen_inst|altera_pll_i|general[2].gpll~PLL_OUTPUT_COUNTER|divclk'
Slack : 7.449
TNS   : 0.000

Type  : Slow 1100mV 85C Model Minimum Pulse Width 'inst7|clockgen_inst|altera_pll_i|general[3].gpll~PLL_OUTPUT_COUNTER|divclk'
Slack : 7.924
TNS   : 0.000

Type  : Slow 1100mV 85C Model Minimum Pulse Width 'CLOCK_50'
Slack : 9.259
TNS   : 0.000

Type  : Slow 1100mV 85C Model Minimum Pulse Width 'inst7|clockgen_inst|altera_pll_i|general[1].gpll~PLL_OUTPUT_COUNTER|divclk'
Slack : 14.516
TNS   : 0.000

Type  : Slow 1100mV 85C Model Minimum Pulse Width 'inst7|clockgen_inst|altera_pll_i|general[0].gpll~PLL_OUTPUT_COUNTER|divclk'
Slack : 17.304
TNS   : 0.000

Type  : Slow 1100mV 85C Model Minimum Pulse Width 'altera_reserved_tck'
Slack : 29.317
TNS   : 0.000

Type  : Slow 1100mV 0C Model Setup 'clk_vga'
Slack : -14.529
TNS   : -349.673

Type  : Slow 1100mV 0C Model Setup 'clk_dram'
Slack : -7.708
TNS   : -106.514

Type  : Slow 1100mV 0C Model Setup 'inst7|clockgen_inst|altera_pll_i|general[3].gpll~PLL_OUTPUT_COUNTER|divclk'
Slack : -0.288
TNS   : -0.872

Type  : Slow 1100mV 0C Model Setup 'inst7|clockgen_inst|altera_pll_i|general[2].gpll~PLL_OUTPUT_COUNTER|divclk'
Slack : 1.906
TNS   : 0.000

Type  : Slow 1100mV 0C Model Setup 'inst7|clockgen_inst|altera_pll_i|general[0].gpll~PLL_OUTPUT_COUNTER|divclk'
Slack : 3.601
TNS   : 0.000

Type  : Slow 1100mV 0C Model Setup 'altera_reserved_tck'
Slack : 22.552
TNS   : 0.000

Type  : Slow 1100mV 0C Model Setup 'inst7|clockgen_inst|altera_pll_i|general[1].gpll~PLL_OUTPUT_COUNTER|divclk'
Slack : 27.357
TNS   : 0.000

Type  : Slow 1100mV 0C Model Hold 'inst7|clockgen_inst|altera_pll_i|general[0].gpll~PLL_OUTPUT_COUNTER|divclk'
Slack : -0.741
TNS   : -0.741

Type  : Slow 1100mV 0C Model Hold 'inst7|clockgen_inst|altera_pll_i|general[3].gpll~PLL_OUTPUT_COUNTER|divclk'
Slack : 0.125
TNS   : 0.000

Type  : Slow 1100mV 0C Model Hold 'inst7|clockgen_inst|altera_pll_i|general[2].gpll~PLL_OUTPUT_COUNTER|divclk'
Slack : 0.339
TNS   : 0.000

Type  : Slow 1100mV 0C Model Hold 'inst7|clockgen_inst|altera_pll_i|general[1].gpll~PLL_OUTPUT_COUNTER|divclk'
Slack : 0.440
TNS   : 0.000

Type  : Slow 1100mV 0C Model Hold 'altera_reserved_tck'
Slack : 0.548
TNS   : 0.000

Type  : Slow 1100mV 0C Model Hold 'clk_vga'
Slack : 8.440
TNS   : 0.000

Type  : Slow 1100mV 0C Model Hold 'clk_dram'
Slack : 8.668
TNS   : 0.000

Type  : Slow 1100mV 0C Model Recovery 'inst7|clockgen_inst|altera_pll_i|general[0].gpll~PLL_OUTPUT_COUNTER|divclk'
Slack : 5.528
TNS   : 0.000

Type  : Slow 1100mV 0C Model Recovery 'altera_reserved_tck'
Slack : 58.374
TNS   : 0.000

Type  : Slow 1100mV 0C Model Removal 'inst7|clockgen_inst|altera_pll_i|general[0].gpll~PLL_OUTPUT_COUNTER|divclk'
Slack : 0.548
TNS   : 0.000

Type  : Slow 1100mV 0C Model Removal 'altera_reserved_tck'
Slack : 0.683
TNS   : 0.000

Type  : Slow 1100mV 0C Model Minimum Pulse Width 'inst7|clockgen_inst|altera_pll_i|general[0].gpll~FRACTIONAL_PLL|vcoph[0]'
Slack : 1.048
TNS   : 0.000

Type  : Slow 1100mV 0C Model Minimum Pulse Width 'inst7|clockgen_inst|altera_pll_i|general[2].gpll~PLL_OUTPUT_COUNTER|divclk'
Slack : 7.512
TNS   : 0.000

Type  : Slow 1100mV 0C Model Minimum Pulse Width 'inst7|clockgen_inst|altera_pll_i|general[3].gpll~PLL_OUTPUT_COUNTER|divclk'
Slack : 7.981
TNS   : 0.000

Type  : Slow 1100mV 0C Model Minimum Pulse Width 'CLOCK_50'
Slack : 9.293
TNS   : 0.000

Type  : Slow 1100mV 0C Model Minimum Pulse Width 'inst7|clockgen_inst|altera_pll_i|general[1].gpll~PLL_OUTPUT_COUNTER|divclk'
Slack : 14.585
TNS   : 0.000

Type  : Slow 1100mV 0C Model Minimum Pulse Width 'inst7|clockgen_inst|altera_pll_i|general[0].gpll~PLL_OUTPUT_COUNTER|divclk'
Slack : 17.380
TNS   : 0.000

Type  : Slow 1100mV 0C Model Minimum Pulse Width 'altera_reserved_tck'
Slack : 29.324
TNS   : 0.000

Type  : Fast 1100mV 85C Model Setup 'clk_vga'
Slack : -9.015
TNS   : -215.948

Type  : Fast 1100mV 85C Model Setup 'clk_dram'
Slack : -1.522
TNS   : -2.562

Type  : Fast 1100mV 85C Model Setup 'inst7|clockgen_inst|altera_pll_i|general[2].gpll~PLL_OUTPUT_COUNTER|divclk'
Slack : 2.891
TNS   : 0.000

Type  : Fast 1100mV 85C Model Setup 'inst7|clockgen_inst|altera_pll_i|general[3].gpll~PLL_OUTPUT_COUNTER|divclk'
Slack : 3.709
TNS   : 0.000

Type  : Fast 1100mV 85C Model Setup 'inst7|clockgen_inst|altera_pll_i|general[0].gpll~PLL_OUTPUT_COUNTER|divclk'
Slack : 5.632
TNS   : 0.000

Type  : Fast 1100mV 85C Model Setup 'altera_reserved_tck'
Slack : 24.519
TNS   : 0.000

Type  : Fast 1100mV 85C Model Setup 'inst7|clockgen_inst|altera_pll_i|general[1].gpll~PLL_OUTPUT_COUNTER|divclk'
Slack : 29.774
TNS   : 0.000

Type  : Fast 1100mV 85C Model Hold 'inst7|clockgen_inst|altera_pll_i|general[0].gpll~PLL_OUTPUT_COUNTER|divclk'
Slack : -0.323
TNS   : -0.323

Type  : Fast 1100mV 85C Model Hold 'inst7|clockgen_inst|altera_pll_i|general[3].gpll~PLL_OUTPUT_COUNTER|divclk'
Slack : 0.131
TNS   : 0.000

Type  : Fast 1100mV 85C Model Hold 'inst7|clockgen_inst|altera_pll_i|general[2].gpll~PLL_OUTPUT_COUNTER|divclk'
Slack : 0.216
TNS   : 0.000

Type  : Fast 1100mV 85C Model Hold 'altera_reserved_tck'
Slack : 0.217
TNS   : 0.000

Type  : Fast 1100mV 85C Model Hold 'inst7|clockgen_inst|altera_pll_i|general[1].gpll~PLL_OUTPUT_COUNTER|divclk'
Slack : 0.312
TNS   : 0.000

Type  : Fast 1100mV 85C Model Hold 'clk_vga'
Slack : 4.543
TNS   : 0.000

Type  : Fast 1100mV 85C Model Hold 'clk_dram'
Slack : 4.934
TNS   : 0.000

Type  : Fast 1100mV 85C Model Recovery 'inst7|clockgen_inst|altera_pll_i|general[0].gpll~PLL_OUTPUT_COUNTER|divclk'
Slack : 6.909
TNS   : 0.000

Type  : Fast 1100mV 85C Model Recovery 'altera_reserved_tck'
Slack : 59.479
TNS   : 0.000

Type  : Fast 1100mV 85C Model Removal 'altera_reserved_tck'
Slack : 0.407
TNS   : 0.000

Type  : Fast 1100mV 85C Model Removal 'inst7|clockgen_inst|altera_pll_i|general[0].gpll~PLL_OUTPUT_COUNTER|divclk'
Slack : 0.528
TNS   : 0.000

Type  : Fast 1100mV 85C Model Minimum Pulse Width 'inst7|clockgen_inst|altera_pll_i|general[0].gpll~FRACTIONAL_PLL|vcoph[0]'
Slack : 1.314
TNS   : 0.000

Type  : Fast 1100mV 85C Model Minimum Pulse Width 'inst7|clockgen_inst|altera_pll_i|general[2].gpll~PLL_OUTPUT_COUNTER|divclk'
Slack : 8.212
TNS   : 0.000

Type  : Fast 1100mV 85C Model Minimum Pulse Width 'inst7|clockgen_inst|altera_pll_i|general[3].gpll~PLL_OUTPUT_COUNTER|divclk'
Slack : 8.887
TNS   : 0.000

Type  : Fast 1100mV 85C Model Minimum Pulse Width 'CLOCK_50'
Slack : 9.150
TNS   : 0.000

Type  : Fast 1100mV 85C Model Minimum Pulse Width 'inst7|clockgen_inst|altera_pll_i|general[1].gpll~PLL_OUTPUT_COUNTER|divclk'
Slack : 15.562
TNS   : 0.000

Type  : Fast 1100mV 85C Model Minimum Pulse Width 'inst7|clockgen_inst|altera_pll_i|general[0].gpll~PLL_OUTPUT_COUNTER|divclk'
Slack : 18.173
TNS   : 0.000

Type  : Fast 1100mV 85C Model Minimum Pulse Width 'altera_reserved_tck'
Slack : 29.167
TNS   : 0.000

Type  : Fast 1100mV 0C Model Setup 'clk_vga'
Slack : -8.521
TNS   : -204.885

Type  : Fast 1100mV 0C Model Setup 'clk_dram'
Slack : -0.903
TNS   : -1.267

Type  : Fast 1100mV 0C Model Setup 'inst7|clockgen_inst|altera_pll_i|general[2].gpll~PLL_OUTPUT_COUNTER|divclk'
Slack : 3.915
TNS   : 0.000

Type  : Fast 1100mV 0C Model Setup 'inst7|clockgen_inst|altera_pll_i|general[3].gpll~PLL_OUTPUT_COUNTER|divclk'
Slack : 4.135
TNS   : 0.000

Type  : Fast 1100mV 0C Model Setup 'inst7|clockgen_inst|altera_pll_i|general[0].gpll~PLL_OUTPUT_COUNTER|divclk'
Slack : 6.162
TNS   : 0.000

Type  : Fast 1100mV 0C Model Setup 'altera_reserved_tck'
Slack : 24.766
TNS   : 0.000

Type  : Fast 1100mV 0C Model Setup 'inst7|clockgen_inst|altera_pll_i|general[1].gpll~PLL_OUTPUT_COUNTER|divclk'
Slack : 30.098
TNS   : 0.000

Type  : Fast 1100mV 0C Model Hold 'inst7|clockgen_inst|altera_pll_i|general[0].gpll~PLL_OUTPUT_COUNTER|divclk'
Slack : -0.294
TNS   : -0.294

Type  : Fast 1100mV 0C Model Hold 'inst7|clockgen_inst|altera_pll_i|general[3].gpll~PLL_OUTPUT_COUNTER|divclk'
Slack : 0.076
TNS   : 0.000

Type  : Fast 1100mV 0C Model Hold 'inst7|clockgen_inst|altera_pll_i|general[2].gpll~PLL_OUTPUT_COUNTER|divclk'
Slack : 0.173
TNS   : 0.000

Type  : Fast 1100mV 0C Model Hold 'altera_reserved_tck'
Slack : 0.194
TNS   : 0.000

Type  : Fast 1100mV 0C Model Hold 'inst7|clockgen_inst|altera_pll_i|general[1].gpll~PLL_OUTPUT_COUNTER|divclk'
Slack : 0.267
TNS   : 0.000

Type  : Fast 1100mV 0C Model Hold 'clk_vga'
Slack : 4.223
TNS   : 0.000

Type  : Fast 1100mV 0C Model Hold 'clk_dram'
Slack : 4.630
TNS   : 0.000

Type  : Fast 1100mV 0C Model Recovery 'inst7|clockgen_inst|altera_pll_i|general[0].gpll~PLL_OUTPUT_COUNTER|divclk'
Slack : 7.276
TNS   : 0.000

Type  : Fast 1100mV 0C Model Recovery 'altera_reserved_tck'
Slack : 59.796
TNS   : 0.000

Type  : Fast 1100mV 0C Model Removal 'altera_reserved_tck'
Slack : 0.383
TNS   : 0.000

Type  : Fast 1100mV 0C Model Removal 'inst7|clockgen_inst|altera_pll_i|general[0].gpll~PLL_OUTPUT_COUNTER|divclk'
Slack : 0.453
TNS   : 0.000

Type  : Fast 1100mV 0C Model Minimum Pulse Width 'inst7|clockgen_inst|altera_pll_i|general[0].gpll~FRACTIONAL_PLL|vcoph[0]'
Slack : 1.341
TNS   : 0.000

Type  : Fast 1100mV 0C Model Minimum Pulse Width 'inst7|clockgen_inst|altera_pll_i|general[2].gpll~PLL_OUTPUT_COUNTER|divclk'
Slack : 8.240
TNS   : 0.000

Type  : Fast 1100mV 0C Model Minimum Pulse Width 'inst7|clockgen_inst|altera_pll_i|general[3].gpll~PLL_OUTPUT_COUNTER|divclk'
Slack : 8.905
TNS   : 0.000

Type  : Fast 1100mV 0C Model Minimum Pulse Width 'CLOCK_50'
Slack : 9.112
TNS   : 0.000

Type  : Fast 1100mV 0C Model Minimum Pulse Width 'inst7|clockgen_inst|altera_pll_i|general[1].gpll~PLL_OUTPUT_COUNTER|divclk'
Slack : 15.585
TNS   : 0.000

Type  : Fast 1100mV 0C Model Minimum Pulse Width 'inst7|clockgen_inst|altera_pll_i|general[0].gpll~PLL_OUTPUT_COUNTER|divclk'
Slack : 18.201
TNS   : 0.000

Type  : Fast 1100mV 0C Model Minimum Pulse Width 'altera_reserved_tck'
Slack : 29.169
TNS   : 0.000

------------------------------------------------------------
